// Jest Snapshot v1, https://goo.gl/fbAQLP

exports[`Test for Navbar component renders Navbar component without any error 1`] = `
Object {
  "asFragment": [Function],
  "baseElement": <body>
    <div>
      <nav>
        <div
          class="nav-container"
        >
          <a
            class="nav-logo"
            href="/"
          >
            <h2>
              Math Magician
            </h2>
            <span>
              <svg
                class="icon"
                fill="none"
                height="1em"
                stroke="currentColor"
                stroke-linecap="round"
                stroke-linejoin="round"
                stroke-width="2"
                viewBox="0 0 24 24"
                width="1em"
                xmlns="http://www.w3.org/2000/svg"
              >
                <desc />
                <path
                  d="M0 0h24v24H0z"
                  fill="none"
                  stroke="none"
                />
                <path
                  d="M14 10h1c1 0 1 1 2.016 3.527c.984 2.473 .984 3.473 1.984 3.473h1"
                />
                <path
                  d="M13 17c1.5 0 3 -2 4 -3.5s2.5 -3.5 4 -3.5"
                />
                <path
                  d="M3 19c0 1.5 .5 2 2 2s2 -4 3 -9s1.5 -9 3 -9s2 .5 2 2"
                />
                <line
                  x1="5"
                  x2="11"
                  y1="12"
                  y2="12"
                />
              </svg>
            </span>
          </a>
          <ul
            class="nav-menu"
          >
            <li>
              <a
                href="/"
              >
                Home
              </a>
            </li>
            <li>
              <a
                href="/calculator"
              >
                Calculator
              </a>
            </li>
            <li>
              <a
                href="/quotes"
              >
                Quotes
              </a>
            </li>
          </ul>
        </div>
      </nav>
    </div>
  </body>,
  "container": <div>
    <nav>
      <div
        class="nav-container"
      >
        <a
          class="nav-logo"
          href="/"
        >
          <h2>
            Math Magician
          </h2>
          <span>
            <svg
              class="icon"
              fill="none"
              height="1em"
              stroke="currentColor"
              stroke-linecap="round"
              stroke-linejoin="round"
              stroke-width="2"
              viewBox="0 0 24 24"
              width="1em"
              xmlns="http://www.w3.org/2000/svg"
            >
              <desc />
              <path
                d="M0 0h24v24H0z"
                fill="none"
                stroke="none"
              />
              <path
                d="M14 10h1c1 0 1 1 2.016 3.527c.984 2.473 .984 3.473 1.984 3.473h1"
              />
              <path
                d="M13 17c1.5 0 3 -2 4 -3.5s2.5 -3.5 4 -3.5"
              />
              <path
                d="M3 19c0 1.5 .5 2 2 2s2 -4 3 -9s1.5 -9 3 -9s2 .5 2 2"
              />
              <line
                x1="5"
                x2="11"
                y1="12"
                y2="12"
              />
            </svg>
          </span>
        </a>
        <ul
          class="nav-menu"
        >
          <li>
            <a
              href="/"
            >
              Home
            </a>
          </li>
          <li>
            <a
              href="/calculator"
            >
              Calculator
            </a>
          </li>
          <li>
            <a
              href="/quotes"
            >
              Quotes
            </a>
          </li>
        </ul>
      </div>
    </nav>
  </div>,
  "debug": [Function],
  "findAllByAltText": [Function],
  "findAllByDisplayValue": [Function],
  "findAllByLabelText": [Function],
  "findAllByPlaceholderText": [Function],
  "findAllByRole": [Function],
  "findAllByTestId": [Function],
  "findAllByText": [Function],
  "findAllByTitle": [Function],
  "findByAltText": [Function],
  "findByDisplayValue": [Function],
  "findByLabelText": [Function],
  "findByPlaceholderText": [Function],
  "findByRole": [Function],
  "findByTestId": [Function],
  "findByText": [Function],
  "findByTitle": [Function],
  "getAllByAltText": [Function],
  "getAllByDisplayValue": [Function],
  "getAllByLabelText": [Function],
  "getAllByPlaceholderText": [Function],
  "getAllByRole": [Function],
  "getAllByTestId": [Function],
  "getAllByText": [Function],
  "getAllByTitle": [Function],
  "getByAltText": [Function],
  "getByDisplayValue": [Function],
  "getByLabelText": [Function],
  "getByPlaceholderText": [Function],
  "getByRole": [Function],
  "getByTestId": [Function],
  "getByText": [Function],
  "getByTitle": [Function],
  "queryAllByAltText": [Function],
  "queryAllByDisplayValue": [Function],
  "queryAllByLabelText": [Function],
  "queryAllByPlaceholderText": [Function],
  "queryAllByRole": [Function],
  "queryAllByTestId": [Function],
  "queryAllByText": [Function],
  "queryAllByTitle": [Function],
  "queryByAltText": [Function],
  "queryByDisplayValue": [Function],
  "queryByLabelText": [Function],
  "queryByPlaceholderText": [Function],
  "queryByRole": [Function],
  "queryByTestId": [Function],
  "queryByText": [Function],
  "queryByTitle": [Function],
  "rerender": [Function],
  "unmount": [Function],
}
`;
